=== ARCHIVOS BACKUP ELIMINADOS Mon Jun 30 05:42:38 PM UTC 2025 ===
./TusFinanzas/Views/TransactionViews.swift.backup-1746100736
./Views/TransactionViews.swift.backup-1746100736
./TransactionViews.swift.backup-1746100736
./TusFinanzas/ViewModels/FinanceViewModel.swift.v1.3.bak
./TusFinanzas/Views/ContentView.swift.bak
./TusFinanzas/Views/ContentView.swift.v1.3.bak
./TusFinanzas/Views/MoreView.swift.bak
./TusFinanzas/Views/MoreView.swift.v1.3.bak
./TusFinanzas/Views/TransactionViews.swift.bak
./TusFinanzas/Views/TransactionViews.swift.v1.3.bak
./TusFinanzas/Info.plist.bak
./ViewModels/FinanceViewModel.swift.v1.3.bak
./Views/MoreView.swift 2.bak
./Views/MoreView.swift.bak
./Views/MoreView.swift.v1.3 2.bak
./Views/MoreView.swift.v1.3.bak
./Views/TransactionViews.swift.bak
./Views/TransactionViews.swift.v1.3.bak
./Views/ContentView.swift 2.bak
./Views/ContentView.swift.bak
./Views/ContentView.swift.v1.3 2.bak
./Views/ContentView.swift.v1.3.bak
./TusFinanzas.xcodeproj/project.pbxproj.bak
./TusFinanzaswidget/TusFinanzaswidgetInfo.plist.bak
./TransactionViews.swift.v1.3 2.bak
./TransactionViews.swift.v1.3.bak
./TransactionViews.swift 2.bak
./TransactionViews.swift.bak
./TusFinanzas/ViewModels/FinanceViewModel.swift.v1.3.bak
./TusFinanzas/Views/ContentView.swift.v1.3.bak
./TusFinanzas/Views/MoreView.swift.v1.3.bak
./TusFinanzas/Views/TransactionViews.swift.v1.3.bak
./ViewModels/FinanceViewModel.swift.v1.3.bak
./Views/MoreView.swift.v1.3.bak
./Views/TransactionViews.swift.v1.3.bak
./Views/ContentView.swift.v1.3.bak
./TransactionViews.swift.v1.3.bak
./Views/MoreView.swift 2.bak
./Views/MoreView.swift.v1.3 2.bak
./Views/ContentView.swift 2.bak
./Views/ContentView.swift.v1.3 2.bak
./TransactionViews.swift.v1.3 2.bak
./TransactionViews.swift 2.bak
=== FIN DE LISTA ===
